# Добавить памяти

## Сначала чекнуть тачку и из вне расшарить, средстави VMBox

Остановить виртуалку.

```bash
cd "C:\Program Files\Oracle\VirtualBox"
```

```bash
.\VBoxManage showhdinfo "D:\VirtualBoxSpace\ServUbuntu\ServUbuntu.vdi"
```

```bash
.\VBoxManage modifyhd "D:\VirtualBoxSpace\ServUbuntu\ServUbuntu.vdi" --resize 64000
```

## В вируталке

Запустить виртуалку, и в ней как пить дайть уже установлена `cloud-guest-utils`, но если нет, устанавливаем.

```bash
sudo apt install cloud-guest-utils
```

далее

```bash
df -T
```

чекнуть файловую систему

у меня в виртуалке была:

```bash
user@user$ df -T

Filesystem                        Type  1K-blocks     Used Available Use% Mounted on
tmpfs                             tmpfs    400540     1140    399400   1% /run
/dev/mapper/ubuntu--vg-ubuntu--lv ext4   11855380 10692328    539028  96% /
tmpfs                             tmpfs   2002684        0   2002684   0% /dev/shm
tmpfs                             tmpfs      5120        0      5120   0% /run/lock
/dev/sda2                         ext4    1992552   247388   1623924  14% /boot
tmpfs                             tmpfs    400536        4    400532   1% /run/user/1000
```

Узнать, сколько свободного места у вас в группе томов:

```bash
sudo vgdisplay
  --- Volume group ---
  VG Name               ubuntu-vg
  System ID             
  Format                lvm2
  Metadata Areas        1
  Metadata Sequence No  2
  VG Access             read/write
  VG Status             resizable
  MAX LV                0
  Cur LV                1
  Open LV               1
  Max PV                0
  Cur PV                1
  Act PV                1
  VG Size               23,18 GiB
  PE Size               4,00 MiB
  Total PE              5935
  Alloc PE / Size       2967 / <11,59 GiB
  Free  PE / Size       2968 / 11,59 GiB
  VG UUID               gkiMnL-dmDo-a3Nm-AHBi-dN18-IuHB-Nfqyeh
```

Увеличьте логический том:

```bash
sudo lvextend -l +100%FREE /dev/mapper/ubuntu--vg-ubuntu--lv

# Успешный овтет
  Size of logical volume ubuntu-vg/ubuntu-lv changed from <11,59 GiB (2967 extents) to 23,18 GiB (5935 extents).
  Logical volume ubuntu-vg/ubuntu-lv successfully resized.
```

Расширить файловую систему

```bash
sudo resize2fs /dev/mapper/ubuntu--vg-ubuntu--lv
```
